[    9284ms] [ERROR] Failed to load resource: the server responded with a status of 404 () @ https://encrypted-tbn3.gstatic.com/faviconV2?url=https://libguides.reading.ac.uk&client=AIM&size=128&type=FAVICON&fallback_opts=TYPE,SIZE,URL:0
[   12671ms] [INFO] Loading the script 'https://www.gstatic.com/_/mss/boq-one-google/_/js/k=boq-one-google.OneGoogleWidgetUi.en.AX38THPjlOU.es5.O/am=AAAAgB8CAAAAIBs/d=1/excm=_b,_tp,appwidgetauthview/ed=1/dg=0/wt=2/ujg=1/rs=AM-SdHvodnmrwH7RfelkByjpFUvE370VMQ/dti=1/m=_b,_tp' violates the following Content Security Policy directive: "script-src 'unsafe-inline'". Note that 'script-src-elem' was not explicitly set, so 'script-src' is used as a fallback. The policy is report-only, so the violation has been logged but no further action has been taken. @ https://ogs.google.com/u/0/widget/app?eom=1&awwd=1&gpa=4&em=2&scv=1&dpi=89978449&origin=https%3A%2F%2Fwww.google.com&cn=app&pid=1&spid=1&hl=en&xstg=CAMSoBAVmheqs2y-vir1m_wP_qC7BbID3KxJ3ZIFp1i9VTKWE7kR6h6kEtUG-gKcAaEU9gL1A9wFBf8PFkKEBC_QBoAFKskCkI6CAvgXjgECqQj455QGsgTEBIgEF9AF4O4FlZcM3QUrqYwEtwP_BI7yfLH1INYBnQSxA9kC9wO171u3qlaG5Vet8T2j1YQG4-EXTKMGBtTh1A6M0AzRsw6Xig7OAaBO7DDkWeQ29h4uyiqfC6Qe-zqqCcIGmpYT7cYb1OEGuNoP45QFx6UF67frA-IG24jpA7jsDdoCvCeGA7_VBdSuHJEu7FyIa5eyBNS-Aq65vAa6_AHi2CGDgQTR5AqxjBqG0gLeKpkXj7QGxxP9J9EIsUdztD2yBQD-GsUfOdNArhmQDpUd0Ab0P6MDyBbvCFvzAskB-hfzH5kDjxXWAL0GlwR0iQWaBZIIct8PtBHwAqUC2QWoAdwI_haBD9QB1BW5A_4lkwTIjzqPBmkCjwQk9gGJBf0FkgVegQU19gMFK04cVSowzHq8DoMAQOUEqAOlAIEGDNAL-wbmDH8dnQT9BIgGkAXxBlhHbd6WAe8FGogGAAFWfSoC7oQFrwuoAoEE2gyABruAEaBJfkDCDKUOiTA-gwaBBCGkBXoSBR5PSrwCzQY61gUzNUNaLwELrAUWxQWtBhPqBcYF2wYE-gbIBsIDdE8OogZlkAZjtAZaFl1qHqcFCu8FBs0GQOS_BtcsBbwCzSDfAgWhF-0iyQ-JE8AL8QXl5S6n6QTXU7SiDewx2f0VyLoZ_d8GqWisyQHz0gUHhDDnBIH8DQe6zRAHtgYHxag5kAGSBcwFnwaHA2UDAwMDOPcDGP8GFa8B4AzoAaAL8A90AL0GrALsE8URFAvNBrQEZ9AAKZMGtA2gDrkGjgmZDpUGqQKoAP8EpQtD-AL7CKMEnR_XCQUP6A_VCZEBlgbUDa8D1w7JBoID5QKsBpQG0gDYBukKpwRSnQYhjQ9I4wikA8EPmwPPBNcGmATAGOcAwA_HDwmuBm-DBuwNuQSQBtABcaMDjwHOBZ0DggPMBOECmgPkBu4XS40GoAHNBjisBRyXBPoOjwT3BokJjQXOBdwDggK7BOoCzwPYBqADdnsF-g_kDMsG3QLhAwX_BmeXI7oAxQvIBuwETOgGpw22BpYDiQYO3AXJAqcBBeqkBuuJBahuzRjmrBP47wWDnwXzkgOg7Aagbt8-0cwE784BtN0F2JQFiJ0BsZEK4q0C36kBwMoE2AWznAXwAKGzA7S1BsLsBYnlBLU19ZQGoa0EjNkByhuO3Aa-pQKl1QWd0wbDQ9jOBZ_OBd-6BcvgnAOSugaYiQNPRqsYvewCq4IGBaT8BfqUBobhDAKZggXSoALogAXcXZJhrRb9hQTfOJoEuQ4F9zL7vATx8AWmmATPL9f0Brr9BoTUBp5C1c4FBPlu3l-BLpq0AvDtBu3iBpnGBgSEUaCqBMisBJQohd4BqAmjxgXPxwLeAp2PBO-vBMgQ8psF77AEpgjve9dct5QGnJsFC_51oR_nlAHs4ga8uAb0gAK9nwanBIqqBtieA8_IBuEM8JYFBZP_BvSnA7iEBZGLBaqEBoNc1OMDz6wG8BHspwSgNcA12qoEBdqpBu0Y_6sFw64F_dMGvkXC2AblsgPkkAa_UgOkpgbRK403uOMG1FeoBaDoBeVTpRHzqAaUBsmVBfkMpt0En9cFtrwGzEDRrgGEc9oB8ZIEBKyNA4gAtQ3PMcj-ApH3BpMN_PwG5AzXwAY8wE7h_gWMeuQEwgmNQtpvhNAEvO0E8ZQDsxOaowbnkQb2xAPqwQbQugbEe7noBpMj4hL_Q5mTBqP7BgWDX-q6BvwG0jROkCTSZeXDBaqNBv4q90GqW8OdBtoyvK8FnJQFq44Go2wFju4Fh-AFpaYDicAC2b8GsQHsN6MJihDQBgzAFPZ8qdsGnE2JvgaRXvetBvol-Ge6DZAextMG0ET8ePoTmkaYHIsu-AXuTwOnHaL7BbgJnEqLIeUg0QydROZpvEDJIaMbyAyAMwQE20ChE_NWnm6pZoFgabYYwiOhhwbnSMcSshnSFexCjz3pM6GLBvtFpRqiFNka6zLuVsI9Xdooqha1CtQK5zzqf9XIBv81iZwG2h3ekwaieYyOHOO5A8k-tBaWIZaBBgP1GtEfhian3AWa4AbESswog4IG1izdC6IKvzXLBucWyR7xHKkC4hTICpYwtAbOBKq8BqwOsQOJH8E5owT5DjKSmQadQaoFhAz-O6RJ3BeBF6oOjzqnCKZfkB-tEJMNxQCzKIAK5QDsEIAN7hTmBfFV0AWpBcQbkQGGHIUEyAW5BpYKxwX4DLoGuTzlA4MgqxauCOUtz2_wAWSMBKgCvB-wCoon1QbIHaESvA2sC6gCyh7EC60FuhCbBZAZwAXMDMYd4CP3DboZgxbyFOwTow_rH8oJ0zSlHaAKoQSEDrUOjRmtAekVhBa0LuOlHMYB8AChAy4F7g1WVP8FgQ_PBqsFyAQBFuwGBeoOBWp0uwabDo0GlgbKDNEF3QWeAC6rDuMBrQCiCvAPrAvyCcUMlQaLBLkFhQnkApsL1AD2BLEGiwMs_wb9BllCEQawBvkBzAX3AYsGDncpsASNAvgG0AToBJcSZdwEyQQkhAPuBe4NAbwDeJsGKIUGkQXVCagE0wjSAooBygSCBtMFaV4KoAHKAQpZLyEFeagDgwTkACU4wgDlBP0D_QTqAf0GOwy1BsMF5gMF3gMb9AZ24wJalQWkBaAXqeQF:0
[   12736ms] [INFO] Loading the script 'https://www.gstatic.com/_/mss/boq-one-google/_/js/k=boq-one-google.OneGoogleWidgetUi.en.AX38THPjlOU.es5.O/ck=boq-one-google.OneGoogleWidgetUi.Ws1xGdcBfio.L.B1.O/am=AAAAgB8CAAAAIBs/d=1/exm=_b,_tp/excm=_b,_tp,appwidgetauthview/ed=1/wt=2/ujg=1/rs=AM-SdHthPORjzyf1oDHYCNmresWHNz0j5Q/ee=EVNhjf:pw70Gc;EmZ2Bf:zr1jrb;JsbNhc:Xd8iUd;K5nYTd:ZDZcre;LBgRLc:SdcwHb;Me32dd:MEeYgc;NJ1rfe:qTnoBf;NPKaK:SdcwHb;NSEoX:lazG7b;Pjplud:EEDORb;QGR0gd:Mlhmy;SNUn3:ZwDk9d;ScI3Yc:e7Hzgb;Uvc8o:VDovNc;YIZmRd:A1yn5d;a56pNe:JEfCwb;cEt90b:ws9...;oGtAuc:sOXFj;pXdRYb:MdUzUe;qQEoOc:KUM7Z;qafBPd:yDVVkb;qddgKe:xQtZb;wR5FRb:O1Gjze;xqZiqf:wmnU7d;yxTchf:KUM7Z;zxnPse:GkRiKb/dti=1/m=ws9Tlc,O6y8ed,aW3pY,GkRiKb,e5qFLc,IZT63,YYmHzb,pw70Gc,n73qwf,UUJqVe,KUM7Z,O1Gjze,byfTOb,lsjVmc,xUdipf,ZDZcre,OTA3Ae,ZwDk9d,RyvaUb,mI3LFb,ORlaSe,nKKjpb,mKLv2,IkEnFc,PrPYRd,MpJwZc,LEikZe,NwH0H,V3dDOb,lazG7b,XVMNvd,QIhFr,xQtZb,lwddkf,gychg,w9hDv,RMhBfe,SdcwHb,EFQ78c,Ulmmrd,A7fCU,mdR7q,wmnU7d,hc6Ubd,JNoxi,MI6k7c,kjKdXe,BVgquf,SpsfSb,hKSk3e,Z5uLle,MdUzUe,zbML3c,zr1jrb,Uas9Hd,pjICDe' violates the following Content Security Policy directive: "script-src 'unsafe-inline'". Note that 'script-src-elem' was not explicitly set, so 'script-src' is used as a fallback. The policy is report-only, so the violation has been logged but no further action has been taken. @ https://www.gstatic.com/_/mss/boq-one-google/_/js/k=boq-one-google.OneGoogleWidgetUi.en.AX38THPjlOU.es5.O/am=AAAAgB8CAAAAIBs/d=1/excm=_b,_tp,appwidgetauthview/ed=1/dg=0/wt=2/ujg=1/rs=AM-SdHvodnmrwH7RfelkByjpFUvE370VMQ/dti=1/m=_b,_tp:461
[   12743ms] [INFO] Loading the script 'https://www.gstatic.com/_/mss/boq-one-google/_/js/k=boq-one-google.OneGoogleWidgetUi.en.AX38THPjlOU.es5.O/ck=boq-one-google.OneGoogleWidgetUi.Ws1xGdcBfio.L.B1.O/am=AAAAgB8CAAAAIBs/d=1/exm=A7fCU,BVgquf,EFQ78c,GkRiKb,IZT63,IkEnFc,JNoxi,KUM7Z,LEikZe,MI6k7c,MdUzUe,MpJwZc,NwH0H,O1Gjze,O6y8ed,ORlaSe,OTA3Ae,PrPYRd,QIhFr,RMhBfe,RyvaUb,SdcwHb,SpsfSb,UUJqVe,Uas9Hd,Ulmmrd,V3dDOb,XVMNvd,YYmHzb,Z5uLle,ZDZcre,ZwDk9d,_b,_tp,aW3pY,byfTOb,e5qFLc,gychg,hKSk3e,hc6Ubd,kjKdXe,lazG7b,lsjVmc,lwddkf,mI3LFb,mKLv2,mdR7q,n73qwf,nKKj...wt=2/ujg=1/rs=AM-SdHthPORjzyf1oDHYCNmresWHNz0j5Q/ee=EVNhjf:pw70Gc;EmZ2Bf:zr1jrb;JsbNhc:Xd8iUd;K5nYTd:ZDZcre;LBgRLc:SdcwHb;Me32dd:MEeYgc;NJ1rfe:qTnoBf;NPKaK:SdcwHb;NSEoX:lazG7b;Pjplud:EEDORb;QGR0gd:Mlhmy;SNUn3:ZwDk9d;ScI3Yc:e7Hzgb;Uvc8o:VDovNc;YIZmRd:A1yn5d;a56pNe:JEfCwb;cEt90b:ws9Tlc;dIoSBb:SpsfSb;dowIGb:ebZ3mb;eBAeSb:zbML3c;iFQyKf:QIhFr;lOO0Vd:OTA3Ae;oGtAuc:sOXFj;pXdRYb:MdUzUe;qQEoOc:KUM7Z;qafBPd:yDVVkb;qddgKe:xQtZb;wR5FRb:O1Gjze;xqZiqf:wmnU7d;yxTchf:KUM7Z;zxnPse:GkRiKb/dti=1/m=Ujeq8,B0tIqf,AZNOqf,ZbP0xe' violates the following Content Security Policy directive: "script-src 'unsafe-inline'". Note that 'script-src-elem' was not explicitly set, so 'script-src' is used as a fallback. The policy is report-only, so the violation has been logged but no further action has been taken. @ https://www.gstatic.com/_/mss/boq-one-google/_/js/k=boq-one-google.OneGoogleWidgetUi.en.AX38THPjlOU.es5.O/am=AAAAgB8CAAAAIBs/d=1/excm=_b,_tp,appwidgetauthview/ed=1/dg=0/wt=2/ujg=1/rs=AM-SdHvodnmrwH7RfelkByjpFUvE370VMQ/dti=1/m=_b,_tp:461
[   12794ms] [INFO] Loading the script 'https://www.gstatic.com/_/mss/boq-one-google/_/js/k=boq-one-google.OneGoogleWidgetUi.en.AX38THPjlOU.es5.O/ck=boq-one-google.OneGoogleWidgetUi.Ws1xGdcBfio.L.B1.O/am=AAAAgB8CAAAAIBs/d=1/exm=A7fCU,AZNOqf,B0tIqf,BVgquf,EFQ78c,GkRiKb,IZT63,IkEnFc,JNoxi,KUM7Z,LEikZe,MI6k7c,MdUzUe,MpJwZc,NwH0H,O1Gjze,O6y8ed,ORlaSe,OTA3Ae,PrPYRd,QIhFr,RMhBfe,RyvaUb,SdcwHb,SpsfSb,UUJqVe,Uas9Hd,Ujeq8,Ulmmrd,V3dDOb,XVMNvd,YYmHzb,Z5uLle,ZDZcre,ZbP0xe,ZwDk9d,_b,_tp,aW3pY,byfTOb,e5qFLc,gychg,hKSk3e,hc6Ubd,kjKdXe,lazG7b,lsjVmc,lwddkf,mI3.../ed=1/wt=2/ujg=1/rs=AM-SdHthPORjzyf1oDHYCNmresWHNz0j5Q/ee=EVNhjf:pw70Gc;EmZ2Bf:zr1jrb;JsbNhc:Xd8iUd;K5nYTd:ZDZcre;LBgRLc:SdcwHb;Me32dd:MEeYgc;NJ1rfe:qTnoBf;NPKaK:SdcwHb;NSEoX:lazG7b;Pjplud:EEDORb;QGR0gd:Mlhmy;SNUn3:ZwDk9d;ScI3Yc:e7Hzgb;Uvc8o:VDovNc;YIZmRd:A1yn5d;a56pNe:JEfCwb;cEt90b:ws9Tlc;dIoSBb:SpsfSb;dowIGb:ebZ3mb;eBAeSb:zbML3c;iFQyKf:QIhFr;lOO0Vd:OTA3Ae;oGtAuc:sOXFj;pXdRYb:MdUzUe;qQEoOc:KUM7Z;qafBPd:yDVVkb;qddgKe:xQtZb;wR5FRb:O1Gjze;xqZiqf:wmnU7d;yxTchf:KUM7Z;zxnPse:GkRiKb/dti=1/m=p3hmRc,LvGhrf,RqjULd' violates the following Content Security Policy directive: "script-src 'unsafe-inline'". Note that 'script-src-elem' was not explicitly set, so 'script-src' is used as a fallback. The policy is report-only, so the violation has been logged but no further action has been taken. @ https://www.gstatic.com/_/mss/boq-one-google/_/js/k=boq-one-google.OneGoogleWidgetUi.en.AX38THPjlOU.es5.O/am=AAAAgB8CAAAAIBs/d=1/excm=_b,_tp,appwidgetauthview/ed=1/dg=0/wt=2/ujg=1/rs=AM-SdHvodnmrwH7RfelkByjpFUvE370VMQ/dti=1/m=_b,_tp:461
[   12812ms] [INFO] Loading the script 'https://www.gstatic.com/_/mss/boq-one-google/_/js/k=boq-one-google.OneGoogleWidgetUi.en.AX38THPjlOU.es5.O/ck=boq-one-google.OneGoogleWidgetUi.Ws1xGdcBfio.L.B1.O/am=AAAAgB8CAAAAIBs/d=1/exm=A7fCU,AZNOqf,B0tIqf,BVgquf,EFQ78c,GkRiKb,IZT63,IkEnFc,JNoxi,KUM7Z,LEikZe,LvGhrf,MI6k7c,MdUzUe,MpJwZc,NwH0H,O1Gjze,O6y8ed,ORlaSe,OTA3Ae,PrPYRd,QIhFr,RMhBfe,RqjULd,RyvaUb,SdcwHb,SpsfSb,UUJqVe,Uas9Hd,Ujeq8,Ulmmrd,V3dDOb,XVMNvd,YYmHzb,Z5uLle,ZDZcre,ZbP0xe,ZwDk9d,_b,_tp,aW3pY,byfTOb,e5qFLc,gychg,hKSk3e,hc6Ubd,kjKdXe,lazG7b,lsj...w/ed=1/wt=2/ujg=1/rs=AM-SdHthPORjzyf1oDHYCNmresWHNz0j5Q/ee=EVNhjf:pw70Gc;EmZ2Bf:zr1jrb;JsbNhc:Xd8iUd;K5nYTd:ZDZcre;LBgRLc:SdcwHb;Me32dd:MEeYgc;NJ1rfe:qTnoBf;NPKaK:SdcwHb;NSEoX:lazG7b;Pjplud:EEDORb;QGR0gd:Mlhmy;SNUn3:ZwDk9d;ScI3Yc:e7Hzgb;Uvc8o:VDovNc;YIZmRd:A1yn5d;a56pNe:JEfCwb;cEt90b:ws9Tlc;dIoSBb:SpsfSb;dowIGb:ebZ3mb;eBAeSb:zbML3c;iFQyKf:QIhFr;lOO0Vd:OTA3Ae;oGtAuc:sOXFj;pXdRYb:MdUzUe;qQEoOc:KUM7Z;qafBPd:yDVVkb;qddgKe:xQtZb;wR5FRb:O1Gjze;xqZiqf:wmnU7d;yxTchf:KUM7Z;zxnPse:GkRiKb/dti=1/m=sOXFj,q0xTif,YOiC1e' violates the following Content Security Policy directive: "script-src 'unsafe-inline'". Note that 'script-src-elem' was not explicitly set, so 'script-src' is used as a fallback. The policy is report-only, so the violation has been logged but no further action has been taken. @ https://www.gstatic.com/_/mss/boq-one-google/_/js/k=boq-one-google.OneGoogleWidgetUi.en.AX38THPjlOU.es5.O/am=AAAAgB8CAAAAIBs/d=1/excm=_b,_tp,appwidgetauthview/ed=1/dg=0/wt=2/ujg=1/rs=AM-SdHvodnmrwH7RfelkByjpFUvE370VMQ/dti=1/m=_b,_tp:461
[   12838ms] [INFO] Loading the script 'https://www.gstatic.com/_/mss/boq-one-google/_/js/k=boq-one-google.OneGoogleWidgetUi.en.AX38THPjlOU.es5.O/ck=boq-one-google.OneGoogleWidgetUi.Ws1xGdcBfio.L.B1.O/am=AAAAgB8CAAAAIBs/d=1/exm=A7fCU,AZNOqf,B0tIqf,BVgquf,EFQ78c,GkRiKb,IZT63,IkEnFc,JNoxi,KUM7Z,LEikZe,LvGhrf,MI6k7c,MdUzUe,MpJwZc,NwH0H,O1Gjze,O6y8ed,ORlaSe,OTA3Ae,PrPYRd,QIhFr,RMhBfe,RqjULd,RyvaUb,SdcwHb,SpsfSb,UUJqVe,Uas9Hd,Ujeq8,Ulmmrd,V3dDOb,XVMNvd,YOiC1e,YYmHzb,Z5uLle,ZDZcre,ZbP0xe,ZwDk9d,_b,_tp,aW3pY,byfTOb,e5qFLc,gychg,hKSk3e,hc6Ubd,kjKdXe,laz...widgetauthview/ed=1/wt=2/ujg=1/rs=AM-SdHthPORjzyf1oDHYCNmresWHNz0j5Q/ee=EVNhjf:pw70Gc;EmZ2Bf:zr1jrb;JsbNhc:Xd8iUd;K5nYTd:ZDZcre;LBgRLc:SdcwHb;Me32dd:MEeYgc;NJ1rfe:qTnoBf;NPKaK:SdcwHb;NSEoX:lazG7b;Pjplud:EEDORb;QGR0gd:Mlhmy;SNUn3:ZwDk9d;ScI3Yc:e7Hzgb;Uvc8o:VDovNc;YIZmRd:A1yn5d;a56pNe:JEfCwb;cEt90b:ws9Tlc;dIoSBb:SpsfSb;dowIGb:ebZ3mb;eBAeSb:zbML3c;iFQyKf:QIhFr;lOO0Vd:OTA3Ae;oGtAuc:sOXFj;pXdRYb:MdUzUe;qQEoOc:KUM7Z;qafBPd:yDVVkb;qddgKe:xQtZb;wR5FRb:O1Gjze;xqZiqf:wmnU7d;yxTchf:KUM7Z;zxnPse:GkRiKb/dti=1/m=P6sQOc' violates the following Content Security Policy directive: "script-src 'unsafe-inline'". Note that 'script-src-elem' was not explicitly set, so 'script-src' is used as a fallback. The policy is report-only, so the violation has been logged but no further action has been taken. @ https://www.gstatic.com/_/mss/boq-one-google/_/js/k=boq-one-google.OneGoogleWidgetUi.en.AX38THPjlOU.es5.O/am=AAAAgB8CAAAAIBs/d=1/excm=_b,_tp,appwidgetauthview/ed=1/dg=0/wt=2/ujg=1/rs=AM-SdHvodnmrwH7RfelkByjpFUvE370VMQ/dti=1/m=_b,_tp:461
[   12845ms] [INFO] Loading the script 'https://www.gstatic.com/_/mss/boq-one-google/_/js/k=boq-one-google.OneGoogleWidgetUi.en.AX38THPjlOU.es5.O/ck=boq-one-google.OneGoogleWidgetUi.Ws1xGdcBfio.L.B1.O/am=AAAAgB8CAAAAIBs/d=1/exm=A7fCU,AZNOqf,B0tIqf,BVgquf,EFQ78c,GkRiKb,IZT63,IkEnFc,JNoxi,KUM7Z,LEikZe,LvGhrf,MI6k7c,MdUzUe,MpJwZc,NwH0H,O1Gjze,O6y8ed,ORlaSe,OTA3Ae,P6sQOc,PrPYRd,QIhFr,RMhBfe,RqjULd,RyvaUb,SdcwHb,SpsfSb,UUJqVe,Uas9Hd,Ujeq8,Ulmmrd,V3dDOb,XVMNvd,YOiC1e,YYmHzb,Z5uLle,ZDZcre,ZbP0xe,ZwDk9d,_b,_tp,aW3pY,byfTOb,e5qFLc,gychg,hKSk3e,hc6Ubd,kjK...widgetauthview/ed=1/wt=2/ujg=1/rs=AM-SdHthPORjzyf1oDHYCNmresWHNz0j5Q/ee=EVNhjf:pw70Gc;EmZ2Bf:zr1jrb;JsbNhc:Xd8iUd;K5nYTd:ZDZcre;LBgRLc:SdcwHb;Me32dd:MEeYgc;NJ1rfe:qTnoBf;NPKaK:SdcwHb;NSEoX:lazG7b;Pjplud:EEDORb;QGR0gd:Mlhmy;SNUn3:ZwDk9d;ScI3Yc:e7Hzgb;Uvc8o:VDovNc;YIZmRd:A1yn5d;a56pNe:JEfCwb;cEt90b:ws9Tlc;dIoSBb:SpsfSb;dowIGb:ebZ3mb;eBAeSb:zbML3c;iFQyKf:QIhFr;lOO0Vd:OTA3Ae;oGtAuc:sOXFj;pXdRYb:MdUzUe;qQEoOc:KUM7Z;qafBPd:yDVVkb;qddgKe:xQtZb;wR5FRb:O1Gjze;xqZiqf:wmnU7d;yxTchf:KUM7Z;zxnPse:GkRiKb/dti=1/m=IiCRgf' violates the following Content Security Policy directive: "script-src 'unsafe-inline'". Note that 'script-src-elem' was not explicitly set, so 'script-src' is used as a fallback. The policy is report-only, so the violation has been logged but no further action has been taken. @ https://www.gstatic.com/_/mss/boq-one-google/_/js/k=boq-one-google.OneGoogleWidgetUi.en.AX38THPjlOU.es5.O/am=AAAAgB8CAAAAIBs/d=1/excm=_b,_tp,appwidgetauthview/ed=1/dg=0/wt=2/ujg=1/rs=AM-SdHvodnmrwH7RfelkByjpFUvE370VMQ/dti=1/m=_b,_tp:461
[   12867ms] [INFO] Loading the script 'https://www.gstatic.com/_/mss/boq-one-google/_/js/k=boq-one-google.OneGoogleWidgetUi.en.AX38THPjlOU.es5.O/ck=boq-one-google.OneGoogleWidgetUi.Ws1xGdcBfio.L.B1.O/am=AAAAgB8CAAAAIBs/d=1/exm=A7fCU,AZNOqf,B0tIqf,BVgquf,EFQ78c,GkRiKb,IZT63,IiCRgf,IkEnFc,JNoxi,KUM7Z,LEikZe,LvGhrf,MI6k7c,MdUzUe,MpJwZc,NwH0H,O1Gjze,O6y8ed,ORlaSe,OTA3Ae,P6sQOc,PrPYRd,QIhFr,RMhBfe,RqjULd,RyvaUb,SdcwHb,SpsfSb,UUJqVe,Uas9Hd,Ujeq8,Ulmmrd,V3dDOb,XVMNvd,YOiC1e,YYmHzb,Z5uLle,ZDZcre,ZbP0xe,ZwDk9d,_b,_tp,aW3pY,byfTOb,e5qFLc,gychg,hKSk3e,hc6.../wt=2/ujg=1/rs=AM-SdHthPORjzyf1oDHYCNmresWHNz0j5Q/ee=EVNhjf:pw70Gc;EmZ2Bf:zr1jrb;JsbNhc:Xd8iUd;K5nYTd:ZDZcre;LBgRLc:SdcwHb;Me32dd:MEeYgc;NJ1rfe:qTnoBf;NPKaK:SdcwHb;NSEoX:lazG7b;Pjplud:EEDORb;QGR0gd:Mlhmy;SNUn3:ZwDk9d;ScI3Yc:e7Hzgb;Uvc8o:VDovNc;YIZmRd:A1yn5d;a56pNe:JEfCwb;cEt90b:ws9Tlc;dIoSBb:SpsfSb;dowIGb:ebZ3mb;eBAeSb:zbML3c;iFQyKf:QIhFr;lOO0Vd:OTA3Ae;oGtAuc:sOXFj;pXdRYb:MdUzUe;qQEoOc:KUM7Z;qafBPd:yDVVkb;qddgKe:xQtZb;wR5FRb:O1Gjze;xqZiqf:wmnU7d;yxTchf:KUM7Z;zxnPse:GkRiKb/dti=1/m=Wt6vjf,hhhU8,FCpbqb,WhJNk' violates the following Content Security Policy directive: "script-src 'unsafe-inline'". Note that 'script-src-elem' was not explicitly set, so 'script-src' is used as a fallback. The policy is report-only, so the violation has been logged but no further action has been taken. @ https://www.gstatic.com/_/mss/boq-one-google/_/js/k=boq-one-google.OneGoogleWidgetUi.en.AX38THPjlOU.es5.O/am=AAAAgB8CAAAAIBs/d=1/excm=_b,_tp,appwidgetauthview/ed=1/dg=0/wt=2/ujg=1/rs=AM-SdHvodnmrwH7RfelkByjpFUvE370VMQ/dti=1/m=_b,_tp:461
[   27083ms] [WARNING] A speculation rule set was inserted into the document but will be ignored. This might happen, for example, if it was previously inserted into another document, or if it was created using the innerHTML setter. @ https://www.google.com/search?q=Write+dissertation+paper+AI+skill&rlz=1C5OZZY_enGB1221GB1221&oq=Write+dissertation+paper+AI+skill&gs_lcrp=EgZjaHJvbWUyBggAEEUYOTIHCAEQIRigATIHCAIQIRigAdIBCDczODJqMGo5qAIGsAIB8QXMAIlmEx7piw&sourceid=chrome&source=chrome.ob&ie=UTF-8:37
[   50684ms] [LOG] All logos loaded successfully @ https://www.kimi.ai/landing-ui/assets/_next/static/chunks/f5b56e1732eea95c.js:4
[   51955ms] [LOG] %c %s color: yellow; background-color: black; [instance: default] appid: 20001731, userInfo:{"user_unique_id":"7685017938016956687","web_id":"7685017938016956687"} @ https://lf3-data.volccdn.com/obj/data-static/log-sdk/collect/5.0/collect-rangers-v5.1.12.js:0
[   51956ms] [LOG] %c %s color: yellow; background-color: black; [instance: default] appid: 20001731, sdk is ready, version is 5.1.12_tob, you can report now !!! @ https://lf3-data.volccdn.com/obj/data-static/log-sdk/collect/5.0/collect-rangers-v5.1.12.js:0
[   53608ms] [LOG] [JSBridge] Bridge detection timeout - falling back to web {timeout: 3000, elapsed: 3002, checkCount: 60} @ https://www.kimi.ai/landing-ui/assets/_next/static/chunks/f5b56e1732eea95c.js:0
[   53609ms] [LOG] [JSBridge] Running in web browser - bridge not available {elapsed: 3002} @ https://www.kimi.ai/landing-ui/assets/_next/static/chunks/f5b56e1732eea95c.js:0
[   70572ms] [ERROR] Failed to load resource: net::ERR_NETWORK_CHANGED @ https://gator.volces.com/list:0
[   70572ms] [ERROR] Failed to load resource: net::ERR_NETWORK_CHANGED @ https://gator.volces.com/list:0
[   71457ms] [ERROR] Failed to load resource: net::ERR_INTERNET_DISCONNECTED @ https://gator.volces.com/list:0
[   75957ms] [ERROR] Failed to load resource: net::ERR_INTERNET_DISCONNECTED @ https://gator.volces.com/list:0
[   76841ms] [ERROR] Failed to load resource: net::ERR_INTERNET_DISCONNECTED @ https://gator.volces.com/list:0
[   77775ms] [ERROR] Failed to load resource: net::ERR_INTERNET_DISCONNECTED @ https://gator.volces.com/list:0
[   79724ms] [ERROR] Failed to load resource: net::ERR_INTERNET_DISCONNECTED @ https://gator.volces.com/list:0
[ 2779291ms] [ERROR] Failed to load resource: net::ERR_NETWORK_CHANGED @ https://gator.volces.com/list:0
[ 2807980ms] [ERROR] Failed to load resource: net::ERR_TIMED_OUT @ https://gator.volces.com/list:0
[ 3368328ms] [ERROR] Failed to load resource: net::ERR_NETWORK_CHANGED @ https://gator.volces.com/list:0
[ 3368328ms] [ERROR] Failed to load resource: net::ERR_NETWORK_CHANGED @ https://gator.volces.com/list:0
[ 3749965ms] [ERROR] Failed to load resource: net::ERR_NETWORK_CHANGED @ https://gator.volces.com/list:0
[ 3849863ms] [ERROR] Failed to load resource: net::ERR_NETWORK_CHANGED @ https://gator.volces.com/list:0
[ 3865527ms] [ERROR] Failed to load resource: net::ERR_ADDRESS_INVALID @ https://gator.volces.com/list:0
[ 3981363ms] [ERROR] Failed to load resource: net::ERR_NAME_NOT_RESOLVED @ https://gator.volces.com/list:0
[ 3981364ms] [ERROR] Failed to load resource: net::ERR_NAME_NOT_RESOLVED @ https://gator.volces.com/list:0
[ 4265634ms] [ERROR] Failed to load resource: net::ERR_NETWORK_CHANGED @ https://gator.volces.com/list:0
[ 4456051ms] [ERROR] Failed to load resource: net::ERR_NETWORK_CHANGED @ https://gator.volces.com/list:0
[ 5021340ms] [ERROR] Failed to load resource: net::ERR_NETWORK_CHANGED @ https://gator.volces.com/list:0
[ 5120293ms] [ERROR] Failed to load resource: net::ERR_NETWORK_CHANGED @ https://gator.volces.com/list:0
[ 5221000ms] [ERROR] Failed to load resource: net::ERR_NETWORK_CHANGED @ https://gator.volces.com/list:0
[ 5319642ms] [ERROR] Failed to load resource: net::ERR_NETWORK_CHANGED @ https://gator.volces.com/list:0
[ 5419985ms] [ERROR] Failed to load resource: net::ERR_NETWORK_CHANGED @ https://gator.volces.com/list:0
[ 6533318ms] [ERROR] Failed to load resource: net::ERR_INTERNET_DISCONNECTED @ https://gator.volces.com/list:0
[ 6533318ms] [ERROR] Failed to load resource: net::ERR_INTERNET_DISCONNECTED @ https://gator.volces.com/list:0
[ 6631487ms] [ERROR] Failed to load resource: net::ERR_INTERNET_DISCONNECTED @ https://gator.volces.com/list:0
[ 6631889ms] [ERROR] Failed to load resource: net::ERR_INTERNET_DISCONNECTED @ https://gator.volces.com/list:0
[ 7282405ms] [ERROR] Failed to load resource: net::ERR_TIMED_OUT @ https://gator.volces.com/list:0
[ 7349109ms] [ERROR] Failed to load resource: net::ERR_NAME_NOT_RESOLVED @ https://gator.volces.com/list:0
[ 7349114ms] [ERROR] Failed to load resource: net::ERR_NAME_NOT_RESOLVED @ https://gator.volces.com/list:0
[ 7449428ms] [ERROR] Failed to load resource: net::ERR_NAME_NOT_RESOLVED @ https://gator.volces.com/list:0
[ 7449428ms] [ERROR] Failed to load resource: net::ERR_NAME_NOT_RESOLVED @ https://gator.volces.com/list:0
[ 7640615ms] [ERROR] Failed to load resource: net::ERR_NETWORK_CHANGED @ https://gator.volces.com/list:0
[ 7740393ms] [ERROR] Failed to load resource: net::ERR_NETWORK_CHANGED @ https://gator.volces.com/list:0
[ 7934605ms] [ERROR] Failed to load resource: net::ERR_NETWORK_CHANGED @ https://gator.volces.com/list:0
[ 8221637ms] [ERROR] Failed to load resource: net::ERR_NETWORK_CHANGED @ https://gator.volces.com/list:0
[ 8230642ms] [ERROR] Failed to load resource: net::ERR_NETWORK_CHANGED @ https://gator.volces.com/list:0
[ 8600581ms] [ERROR] Failed to load resource: net::ERR_NETWORK_CHANGED @ https://gator.volces.com/list:0
[ 8793916ms] [ERROR] Failed to load resource: net::ERR_NETWORK_CHANGED @ https://gator.volces.com/list:0
[ 8890304ms] [ERROR] Failed to load resource: net::ERR_NETWORK_CHANGED @ https://gator.volces.com/list:0
[ 8992406ms] [ERROR] Failed to load resource: net::ERR_NETWORK_CHANGED @ https://gator.volces.com/list:0
[ 9018967ms] [ERROR] Failed to load resource: net::ERR_INTERNET_DISCONNECTED @ https://gator.volces.com/list:0
[ 9222523ms] [ERROR] Failed to load resource: net::ERR_INTERNET_DISCONNECTED @ https://gator.volces.com/list:0
[ 9222712ms] [ERROR] Failed to load resource: net::ERR_INTERNET_DISCONNECTED @ https://gator.volces.com/list:0
[ 9425513ms] [ERROR] Failed to load resource: net::ERR_INTERNET_DISCONNECTED @ https://gator.volces.com/list:0
[ 9425608ms] [ERROR] Failed to load resource: net::ERR_INTERNET_DISCONNECTED @ https://gator.volces.com/list:0
[ 9546866ms] [ERROR] Failed to load resource: net::ERR_INTERNET_DISCONNECTED @ https://gator.volces.com/list:0
[ 9547055ms] [ERROR] Failed to load resource: net::ERR_INTERNET_DISCONNECTED @ https://gator.volces.com/list:0
[ 9680609ms] [ERROR] Failed to load resource: net::ERR_INTERNET_DISCONNECTED @ https://gator.volces.com/list:0
[ 9680704ms] [ERROR] Failed to load resource: net::ERR_INTERNET_DISCONNECTED @ https://gator.volces.com/list:0
[10954179ms] [ERROR] Failed to load resource: net::ERR_INTERNET_DISCONNECTED @ https://gator.volces.com/list:0
[10954179ms] [ERROR] Failed to load resource: net::ERR_INTERNET_DISCONNECTED @ https://gator.volces.com/list:0
[11044513ms] [ERROR] Failed to load resource: net::ERR_NAME_NOT_RESOLVED @ https://gator.volces.com/list:0
[11044514ms] [ERROR] Failed to load resource: net::ERR_NAME_NOT_RESOLVED @ https://gator.volces.com/list:0
[11175469ms] [ERROR] Failed to load resource: net::ERR_NAME_NOT_RESOLVED @ https://gator.volces.com/list:0
[11175470ms] [ERROR] Failed to load resource: net::ERR_NAME_NOT_RESOLVED @ https://gator.volces.com/list:0
[11372844ms] [ERROR] Failed to load resource: net::ERR_NAME_NOT_RESOLVED @ https://gator.volces.com/list:0
[11372844ms] [ERROR] Failed to load resource: net::ERR_NAME_NOT_RESOLVED @ https://gator.volces.com/list:0
[11469834ms] [ERROR] Failed to load resource: net::ERR_NAME_NOT_RESOLVED @ https://gator.volces.com/list:0
[11469836ms] [ERROR] Failed to load resource: net::ERR_NAME_NOT_RESOLVED @ https://gator.volces.com/list:0
[11717505ms] [ERROR] Failed to load resource: net::ERR_INTERNET_DISCONNECTED @ https://gator.volces.com/list:0
[11717900ms] [ERROR] Failed to load resource: net::ERR_INTERNET_DISCONNECTED @ https://gator.volces.com/list:0
[11872300ms] [ERROR] Failed to load resource: net::ERR_NETWORK_CHANGED @ https://gator.volces.com/list:0
[11970541ms] [ERROR] Failed to load resource: net::ERR_NETWORK_CHANGED @ https://gator.volces.com/list:0
[11990254ms] [ERROR] Failed to load resource: net::ERR_INTERNET_DISCONNECTED @ https://gator.volces.com/list:0
[12491834ms] [ERROR] Failed to load resource: net::ERR_NETWORK_CHANGED @ https://gator.volces.com/list:0
[12592441ms] [ERROR] Failed to load resource: net::ERR_NETWORK_CHANGED @ https://gator.volces.com/list:0
[12691177ms] [ERROR] Failed to load resource: net::ERR_NETWORK_CHANGED @ https://gator.volces.com/list:0
[12789905ms] [ERROR] Failed to load resource: net::ERR_NETWORK_CHANGED @ https://gator.volces.com/list:0
[13074555ms] [ERROR] Failed to load resource: net::ERR_NETWORK_CHANGED @ https://gator.volces.com/list:0
